{
  "prompt_version": "single_primary_grasp_blocker_v10",
  "gt_definition": {
    "positive_scenes": 15,
    "null_scenes": 10,
    "candidate_rule": "candidate occlusion ratio >= 0.05",
    "selection_rule": "largest ratio, then smallest display ID",
    "maximum_candidate_count_per_scene": 1,
    "note": "Isaac Sim instance-mask oracle; not a robot-arm grasp rollout"
  },
  "integrity": {
    "status": "pass",
    "scheduled": 1500,
    "completed": 1500,
    "unique_run_ids": 1500,
    "parse_errors": 0,
    "post_validation_failures": 0,
    "attempt_records": 1500,
    "infrastructure_errors": 0,
    "finish_reasons": {
      "stop": 1500
    },
    "failures": []
  },
  "overall": {
    "n": 1500,
    "gt_positive": 900,
    "gt_null": 600,
    "predicted_positive": 1500,
    "predicted_null": 0,
    "exact_matches": 655,
    "exact_accuracy": 0.43666666666666665,
    "tp": 900,
    "fn": 0,
    "tn": 0,
    "fp": 600,
    "presence_accuracy": 0.6,
    "presence_balanced_accuracy": 0.5,
    "presence_recall": 1.0,
    "null_specificity": 0.0,
    "presence_precision": 0.6,
    "positive_id_correct": 655,
    "positive_id_accuracy": 0.7277777777777777,
    "id_accuracy_given_non_null_prediction_on_positive": 0.7277777777777777,
    "wrong_non_null_id_on_positive": 245
  },
  "condition_results": {
    "C0_NA": {
      "n": 125,
      "gt_positive": 75,
      "gt_null": 50,
      "predicted_positive": 125,
      "predicted_null": 0,
      "exact_matches": 42,
      "exact_accuracy": 0.336,
      "tp": 75,
      "fn": 0,
      "tn": 0,
      "fp": 50,
      "presence_accuracy": 0.6,
      "presence_balanced_accuracy": 0.5,
      "presence_recall": 1.0,
      "null_specificity": 0.0,
      "presence_precision": 0.6,
      "positive_id_correct": 42,
      "positive_id_accuracy": 0.56,
      "id_accuracy_given_non_null_prediction_on_positive": 0.56,
      "wrong_non_null_id_on_positive": 33
    },
    "C1_NA": {
      "n": 125,
      "gt_positive": 75,
      "gt_null": 50,
      "predicted_positive": 125,
      "predicted_null": 0,
      "exact_matches": 52,
      "exact_accuracy": 0.416,
      "tp": 75,
      "fn": 0,
      "tn": 0,
      "fp": 50,
      "presence_accuracy": 0.6,
      "presence_balanced_accuracy": 0.5,
      "presence_recall": 1.0,
      "null_specificity": 0.0,
      "presence_precision": 0.6,
      "positive_id_correct": 52,
      "positive_id_accuracy": 0.6933333333333334,
      "id_accuracy_given_non_null_prediction_on_positive": 0.6933333333333334,
      "wrong_non_null_id_on_positive": 23
    },
    "C2_D4": {
      "n": 125,
      "gt_positive": 75,
      "gt_null": 50,
      "predicted_positive": 125,
      "predicted_null": 0,
      "exact_matches": 58,
      "exact_accuracy": 0.464,
      "tp": 75,
      "fn": 0,
      "tn": 0,
      "fp": 50,
      "presence_accuracy": 0.6,
      "presence_balanced_accuracy": 0.5,
      "presence_recall": 1.0,
      "null_specificity": 0.0,
      "presence_precision": 0.6,
      "positive_id_correct": 58,
      "positive_id_accuracy": 0.7733333333333333,
      "id_accuracy_given_non_null_prediction_on_positive": 0.7733333333333333,
      "wrong_non_null_id_on_positive": 17
    },
    "C2_D8": {
      "n": 125,
      "gt_positive": 75,
      "gt_null": 50,
      "predicted_positive": 125,
      "predicted_null": 0,
      "exact_matches": 58,
      "exact_accuracy": 0.464,
      "tp": 75,
      "fn": 0,
      "tn": 0,
      "fp": 50,
      "presence_accuracy": 0.6,
      "presence_balanced_accuracy": 0.5,
      "presence_recall": 1.0,
      "null_specificity": 0.0,
      "presence_precision": 0.6,
      "positive_id_correct": 58,
      "positive_id_accuracy": 0.7733333333333333,
      "id_accuracy_given_non_null_prediction_on_positive": 0.7733333333333333,
      "wrong_non_null_id_on_positive": 17
    },
    "C3_D4": {
      "n": 125,
      "gt_positive": 75,
      "gt_null": 50,
      "predicted_positive": 125,
      "predicted_null": 0,
      "exact_matches": 53,
      "exact_accuracy": 0.424,
      "tp": 75,
      "fn": 0,
      "tn": 0,
      "fp": 50,
      "presence_accuracy": 0.6,
      "presence_balanced_accuracy": 0.5,
      "presence_recall": 1.0,
      "null_specificity": 0.0,
      "presence_precision": 0.6,
      "positive_id_correct": 53,
      "positive_id_accuracy": 0.7066666666666667,
      "id_accuracy_given_non_null_prediction_on_positive": 0.7066666666666667,
      "wrong_non_null_id_on_positive": 22
    },
    "C3_D8": {
      "n": 125,
      "gt_positive": 75,
      "gt_null": 50,
      "predicted_positive": 125,
      "predicted_null": 0,
      "exact_matches": 54,
      "exact_accuracy": 0.432,
      "tp": 75,
      "fn": 0,
      "tn": 0,
      "fp": 50,
      "presence_accuracy": 0.6,
      "presence_balanced_accuracy": 0.5,
      "presence_recall": 1.0,
      "null_specificity": 0.0,
      "presence_precision": 0.6,
      "positive_id_correct": 54,
      "positive_id_accuracy": 0.72,
      "id_accuracy_given_non_null_prediction_on_positive": 0.72,
      "wrong_non_null_id_on_positive": 21
    },
    "C4_D4": {
      "n": 125,
      "gt_positive": 75,
      "gt_null": 50,
      "predicted_positive": 125,
      "predicted_null": 0,
      "exact_matches": 56,
      "exact_accuracy": 0.448,
      "tp": 75,
      "fn": 0,
      "tn": 0,
      "fp": 50,
      "presence_accuracy": 0.6,
      "presence_balanced_accuracy": 0.5,
      "presence_recall": 1.0,
      "null_specificity": 0.0,
      "presence_precision": 0.6,
      "positive_id_correct": 56,
      "positive_id_accuracy": 0.7466666666666667,
      "id_accuracy_given_non_null_prediction_on_positive": 0.7466666666666667,
      "wrong_non_null_id_on_positive": 19
    },
    "C4_D8": {
      "n": 125,
      "gt_positive": 75,
      "gt_null": 50,
      "predicted_positive": 125,
      "predicted_null": 0,
      "exact_matches": 60,
      "exact_accuracy": 0.48,
      "tp": 75,
      "fn": 0,
      "tn": 0,
      "fp": 50,
      "presence_accuracy": 0.6,
      "presence_balanced_accuracy": 0.5,
      "presence_recall": 1.0,
      "null_specificity": 0.0,
      "presence_precision": 0.6,
      "positive_id_correct": 60,
      "positive_id_accuracy": 0.8,
      "id_accuracy_given_non_null_prediction_on_positive": 0.8,
      "wrong_non_null_id_on_positive": 15
    },
    "C5_D4": {
      "n": 125,
      "gt_positive": 75,
      "gt_null": 50,
      "predicted_positive": 125,
      "predicted_null": 0,
      "exact_matches": 54,
      "exact_accuracy": 0.432,
      "tp": 75,
      "fn": 0,
      "tn": 0,
      "fp": 50,
      "presence_accuracy": 0.6,
      "presence_balanced_accuracy": 0.5,
      "presence_recall": 1.0,
      "null_specificity": 0.0,
      "presence_precision": 0.6,
      "positive_id_correct": 54,
      "positive_id_accuracy": 0.72,
      "id_accuracy_given_non_null_prediction_on_positive": 0.72,
      "wrong_non_null_id_on_positive": 21
    },
    "C5_D8": {
      "n": 125,
      "gt_positive": 75,
      "gt_null": 50,
      "predicted_positive": 125,
      "predicted_null": 0,
      "exact_matches": 62,
      "exact_accuracy": 0.496,
      "tp": 75,
      "fn": 0,
      "tn": 0,
      "fp": 50,
      "presence_accuracy": 0.6,
      "presence_balanced_accuracy": 0.5,
      "presence_recall": 1.0,
      "null_specificity": 0.0,
      "presence_precision": 0.6,
      "positive_id_correct": 62,
      "positive_id_accuracy": 0.8266666666666667,
      "id_accuracy_given_non_null_prediction_on_positive": 0.8266666666666667,
      "wrong_non_null_id_on_positive": 13
    },
    "C6_D4": {
      "n": 125,
      "gt_positive": 75,
      "gt_null": 50,
      "predicted_positive": 125,
      "predicted_null": 0,
      "exact_matches": 57,
      "exact_accuracy": 0.456,
      "tp": 75,
      "fn": 0,
      "tn": 0,
      "fp": 50,
      "presence_accuracy": 0.6,
      "presence_balanced_accuracy": 0.5,
      "presence_recall": 1.0,
      "null_specificity": 0.0,
      "presence_precision": 0.6,
      "positive_id_correct": 57,
      "positive_id_accuracy": 0.76,
      "id_accuracy_given_non_null_prediction_on_positive": 0.76,
      "wrong_non_null_id_on_positive": 18
    },
    "C6_D8": {
      "n": 125,
      "gt_positive": 75,
      "gt_null": 50,
      "predicted_positive": 125,
      "predicted_null": 0,
      "exact_matches": 49,
      "exact_accuracy": 0.392,
      "tp": 75,
      "fn": 0,
      "tn": 0,
      "fp": 50,
      "presence_accuracy": 0.6,
      "presence_balanced_accuracy": 0.5,
      "presence_recall": 1.0,
      "null_specificity": 0.0,
      "presence_precision": 0.6,
      "positive_id_correct": 49,
      "positive_id_accuracy": 0.6533333333333333,
      "id_accuracy_given_non_null_prediction_on_positive": 0.6533333333333333,
      "wrong_non_null_id_on_positive": 26
    }
  },
  "family_results": {
    "TRANSLATE": {
      "n": 300,
      "gt_positive": 300,
      "gt_null": 0,
      "predicted_positive": 300,
      "predicted_null": 0,
      "exact_matches": 299,
      "exact_accuracy": 0.9966666666666667,
      "tp": 300,
      "fn": 0,
      "tn": 0,
      "fp": 0,
      "presence_accuracy": 1.0,
      "presence_balanced_accuracy": null,
      "presence_recall": 1.0,
      "null_specificity": null,
      "presence_precision": 1.0,
      "positive_id_correct": 299,
      "positive_id_accuracy": 0.9966666666666667,
      "id_accuracy_given_non_null_prediction_on_positive": 0.9966666666666667,
      "wrong_non_null_id_on_positive": 1
    },
    "ROTATE": {
      "n": 300,
      "gt_positive": 300,
      "gt_null": 0,
      "predicted_positive": 300,
      "predicted_null": 0,
      "exact_matches": 199,
      "exact_accuracy": 0.6633333333333333,
      "tp": 300,
      "fn": 0,
      "tn": 0,
      "fp": 0,
      "presence_accuracy": 1.0,
      "presence_balanced_accuracy": null,
      "presence_recall": 1.0,
      "null_specificity": null,
      "presence_precision": 1.0,
      "positive_id_correct": 199,
      "positive_id_accuracy": 0.6633333333333333,
      "id_accuracy_given_non_null_prediction_on_positive": 0.6633333333333333,
      "wrong_non_null_id_on_positive": 101
    },
    "LIFT_AND_RELOCATE": {
      "n": 300,
      "gt_positive": 300,
      "gt_null": 0,
      "predicted_positive": 300,
      "predicted_null": 0,
      "exact_matches": 157,
      "exact_accuracy": 0.5233333333333333,
      "tp": 300,
      "fn": 0,
      "tn": 0,
      "fp": 0,
      "presence_accuracy": 1.0,
      "presence_balanced_accuracy": null,
      "presence_recall": 1.0,
      "null_specificity": null,
      "presence_precision": 1.0,
      "positive_id_correct": 157,
      "positive_id_accuracy": 0.5233333333333333,
      "id_accuracy_given_non_null_prediction_on_positive": 0.5233333333333333,
      "wrong_non_null_id_on_positive": 143
    },
    "FC_CLEAR": {
      "n": 300,
      "gt_positive": 0,
      "gt_null": 300,
      "predicted_positive": 300,
      "predicted_null": 0,
      "exact_matches": 0,
      "exact_accuracy": 0.0,
      "tp": 0,
      "fn": 0,
      "tn": 0,
      "fp": 300,
      "presence_accuracy": 0.0,
      "presence_balanced_accuracy": null,
      "presence_recall": null,
      "null_specificity": 0.0,
      "presence_precision": 0.0,
      "positive_id_correct": 0,
      "positive_id_accuracy": null,
      "id_accuracy_given_non_null_prediction_on_positive": null,
      "wrong_non_null_id_on_positive": 0
    },
    "FC_BLOCKED": {
      "n": 300,
      "gt_positive": 0,
      "gt_null": 300,
      "predicted_positive": 300,
      "predicted_null": 0,
      "exact_matches": 0,
      "exact_accuracy": 0.0,
      "tp": 0,
      "fn": 0,
      "tn": 0,
      "fp": 300,
      "presence_accuracy": 0.0,
      "presence_balanced_accuracy": null,
      "presence_recall": null,
      "null_specificity": 0.0,
      "presence_precision": 0.0,
      "positive_id_correct": 0,
      "positive_id_accuracy": null,
      "id_accuracy_given_non_null_prediction_on_positive": null,
      "wrong_non_null_id_on_positive": 0
    }
  },
  "comparison": {
    "v10_single_id": {
      "n": 1500,
      "gt_positive": 900,
      "gt_null": 600,
      "predicted_positive": 1500,
      "predicted_null": 0,
      "exact_matches": 655,
      "exact_accuracy": 0.43666666666666665,
      "tp": 900,
      "fn": 0,
      "tn": 0,
      "fp": 600,
      "presence_accuracy": 0.6,
      "presence_balanced_accuracy": 0.5,
      "presence_recall": 1.0,
      "null_specificity": 0.0,
      "presence_precision": 0.6,
      "positive_id_correct": 655,
      "positive_id_accuracy": 0.7277777777777777,
      "id_accuracy_given_non_null_prediction_on_positive": 0.7277777777777777,
      "wrong_non_null_id_on_positive": 245
    },
    "v9_instance_array_collapsed": {
      "n": 1500,
      "single_set_exact_matches": 737,
      "single_set_exact_accuracy": 0.49133333333333334,
      "positive_single_set_exact": 142,
      "positive_single_set_accuracy": 0.15777777777777777,
      "null_set_exact": 595,
      "null_set_accuracy": 0.9916666666666667,
      "presence_tp": 145,
      "presence_fn": 755,
      "presence_tn": 595,
      "presence_fp": 5,
      "presence_recall": 0.16111111111111112,
      "null_specificity": 0.9916666666666667,
      "presence_balanced_accuracy": 0.576388888888889
    },
    "exact_accuracy_delta_v10_minus_v9": -0.0546666666666667,
    "positive_id_accuracy_delta_v10_minus_v9": 0.57,
    "null_accuracy_delta_v10_minus_v9": -0.9916666666666667
  },
  "error_count": 845
}
